// Jest Snapshot v1, https://goo.gl/fbAQLP

exports[`Player Should render className container correctly 1`] = `ShallowWrapper {}`;

exports[`Player Should render container className and playerClassName container correctly 1`] = `ShallowWrapper {}`;

exports[`Player Should render correctly 1`] = `
<div
  className="sbt-theme"
  style={
    {
      "maxHeight": "100vh",
      "maxWidth": "100%",
      "overflow": "hidden",
      "width": "100%",
    }
  }
>
  <video
    style={
      {
        "maxHeight": "100vh",
        "maxWidth": "100%",
        "overflow": "hidden",
        "width": "100%",
      }
    }
  >
    Your browser does not support HTML video.
  </video>
</div>
`;

exports[`Player Should render playerClassName container correctly 1`] = `ShallowWrapper {}`;

exports[`Player Should renders DASH source[manifest] string correctly 1`] = `ShallowWrapper {}`;

exports[`Player Should renders HLS source[manifest] string correctly 1`] = `ShallowWrapper {}`;
