// Jest Snapshot v1, https://goo.gl/fbAQLP

exports[`Button Should render correctly 1`] = `
<div
  className="sbt-theme-container-undefined"
>
  <button />
</div>
`;

exports[`Button Should render the onclick function correctly 1`] = `ShallowWrapper {}`;

exports[`Button Should renders Button Foward correctly 1`] = `ShallowWrapper {}`;

exports[`Button Should renders Button Rewind correctly 1`] = `ShallowWrapper {}`;

exports[`Button Should renders Button Unmute correctly 1`] = `ShallowWrapper {}`;

exports[`Player Should render className container correctly 1`] = `ShallowWrapper {}`;

exports[`Player Should render container className and playerClassName container correctly 1`] = `ShallowWrapper {}`;

exports[`Player Should render correctly 1`] = `
<div
  className="sbt-theme"
  style={
    {
      "alignItems": "center",
      "cursor": "none",
      "display": "flex",
      "justifyContent": "center",
      "maxHeight": "100vh",
      "maxWidth": "100%",
      "overflow": "hidden",
      "width": "100%",
    }
  }
>
  <video
    autoPlay={true}
    muted={true}
    style={
      {
        "alignItems": "center",
        "cursor": "none",
        "display": "flex",
        "justifyContent": "center",
        "maxHeight": "100vh",
        "maxWidth": "100%",
        "overflow": "hidden",
        "width": "100%",
      }
    }
  />
</div>
`;

exports[`Player Should render playerClassName container correctly 1`] = `ShallowWrapper {}`;

exports[`Player Should renders source[manifest] string correctly 1`] = `ShallowWrapper {}`;
